../Core/Src/main.c:84:13:DWT_Delay_Init	4	static
../Core/Src/main.c:93:13:Delay_us	24	static
../Core/Src/main.c:106:13:HCSR04_Trigger	8	static
../Core/Src/main.c:143:13:Parking_Buzzer_Update	24	static
../Core/Src/main.c:192:5:main	104	static
../Core/Src/main.c:462:6:SystemClock_Config	88	static
../Core/Src/main.c:509:13:MX_I2C1_Init	8	static
../Core/Src/main.c:543:13:MX_TIM3_Init	48	static
../Core/Src/main.c:601:13:MX_USART2_UART_Init	8	static
../Core/Src/main.c:634:13:MX_GPIO_Init	48	static
../Core/Src/main.c:670:6:HAL_TIM_IC_CaptureCallback	16	static
../Core/Src/main.c:729:6:Error_Handler	4	static,ignoring_inline_asm
